line 2:14
no viable alternative at input 'while(i<1){'