PROGRAM(1,7)
   STATEMENTS(1,6)
      STATEMENT(1,6)
         ASSIGNMENT(1,5)
            IDENT(1,1)[x]
            EXPRESSION(3,5)
               SUM(3,5)
                  IDENT(3,3)[y]
                  INTEGER(5,5)[1]
      STATEMENTS(7,6)
